ABC abbc
AS aaa
BCS bc
SPACE  
DORC dccc
ABC abc
 
