PATTERN3 edbeedbdbdbeeeffdbeefdbdb
SPACE  
PATTERN2 aaabaadcadcdcbdcababababdc
 
 
