PATTERN4 edaffffaaedaffedaffaedaff
SPACE  
PATTERN5 acccdbdbdbadfdbcfddccfdcf
 
PATTERN5 f
