abc
6
0
3
0,'a',1
0,'b',2
0,'c',3
3,'a',4
3,'b',4
3,'c',4
2,'a',1
2,'b',2
2,'c',3
1,'a',5
1,'b',2
1,'c',3
5,'a',5
5,'b',2
5,'c',3
4,'a',4
4,'b',4
4,'c',4
