cbd
6
0
0 1 5
0,'c',1
0,'b',2
0,'d',3
2,'c',3
2,'b',4
2,'d',5
5,'c',3
5,'b',2
5,'d',3
4,'c',3
4,'b',4
4,'d',5
1,'c',1
1,'b',2
1,'d',3
3,'c',3
3,'b',3
3,'d',3
