10
7
0
1 3 4 5 6
0,'1',1
0,'0',2
1,'1',3
1,'0',4
4,'1',5
4,'0',4
5,'1',3
5,'0',4
3,'1',3
3,'0',6
6,'1',3
6,'0',6
2,'1',2
2,'0',2
