01
9
0
1 3 5
0,'0',1
0,'1',2
2,'0',3
2,'1',4
4,'0',5
4,'1',4
5,'0',6
5,'1',7
7,'0',5
7,'1',4
3,'0',1
3,'1',8
8,'0',3
8,'1',4
1,'0',1
1,'1',8
6,'0',6
6,'1',6
