abcd
6
0
4 5
0,'a',1
0,'b',2
0,'c',3
0,'d',3
2,'a',3
2,'b',3
2,'c',4
2,'d',5
5,'a',3
5,'b',3
5,'c',3
5,'d',3
4,'a',3
4,'b',3
4,'c',3
4,'d',3
1,'a',3
1,'b',3
1,'c',4
1,'d',5
3,'a',3
3,'b',3
3,'c',3
3,'d',3
