abcd
6
0
4 5
0,'a',1
0,'b',2
0,'c',3
0,'d',2
3,'a',2
3,'b',2
3,'c',2
3,'d',4
4,'a',2
4,'b',2
4,'c',2
4,'d',2
1,'a',2
1,'b',5
1,'c',2
1,'d',2
5,'a',2
5,'b',2
5,'c',2
5,'d',2
2,'a',2
2,'b',2
2,'c',2
2,'d',2
