abc
5
0
0 1 4
0,'a',1
0,'b',2
0,'c',3
2,'a',3
2,'b',3
2,'c',4
4,'a',3
4,'b',3
4,'c',3
1,'a',1
1,'b',3
1,'c',3
3,'a',3
3,'b',3
3,'c',3
